ROM loaded successfully. size of ROM is 1301 bytes.
---LOG START---
IR: JP 225 | I: 0x000 | SP: 0 | V: 00 00 00 00 00 00 00 00 00 00 00 00 00 00 00 00 
IR: LD V0, 00 | I: 0x000 | SP: 0 | V: 00 00 00 00 00 00 00 00 00 00 00 00 00 00 00 00 
IR: LD V1, 00 | I: 0x000 | SP: 0 | V: 00 00 00 00 00 00 00 00 00 00 00 00 00 00 00 00 
IR: LD V2, 08 | I: 0x000 | SP: 0 | V: 00 00 08 00 00 00 00 00 00 00 00 00 00 00 00 00 
IR: LD I, 3DD | I: 0x3DD | SP: 0 | V: 00 00 08 00 00 00 00 00 00 00 00 00 00 00 00 00 
IR: DRW V0, V1, 8 | I: 0x3DD | SP: 0 | V: 00 00 08 00 00 00 00 00 00 00 00 00 00 00 00 00 
IR: ADD V1, 08 | I: 0x3DD | SP: 0 | V: 00 08 08 00 00 00 00 00 00 00 00 00 00 00 00 00 
IR: ADD I, V2 | I: 0x3E5 | SP: 0 | V: 00 08 08 00 00 00 00 00 00 00 00 00 00 00 00 00 
IR: SE V1, 20 | I: 0x3E5 | SP: 0 | V: 00 08 08 00 00 00 00 00 00 00 00 00 00 00 00 00 
IR: JP 22D | I: 0x3E5 | SP: 0 | V: 00 08 08 00 00 00 00 00 00 00 00 00 00 00 00 00 
IR: DRW V0, V1, 8 | I: 0x3E5 | SP: 0 | V: 00 08 08 00 00 00 00 00 00 00 00 00 00 00 00 00 
IR: ADD V1, 08 | I: 0x3E5 | SP: 0 | V: 00 10 08 00 00 00 00 00 00 00 00 00 00 00 00 00 
IR: ADD I, V2 | I: 0x3ED | SP: 0 | V: 00 10 08 00 00 00 00 00 00 00 00 00 00 00 00 00 
IR: SE V1, 20 | I: 0x3ED | SP: 0 | V: 00 10 08 00 00 00 00 00 00 00 00 00 00 00 00 00 
IR: JP 22D | I: 0x3ED | SP: 0 | V: 00 10 08 00 00 00 00 00 00 00 00 00 00 00 00 00 
IR: DRW V0, V1, 8 | I: 0x3ED | SP: 0 | V: 00 10 08 00 00 00 00 00 00 00 00 00 00 00 00 00 
IR: ADD V1, 08 | I: 0x3ED | SP: 0 | V: 00 18 08 00 00 00 00 00 00 00 00 00 00 00 00 00 
IR: ADD I, V2 | I: 0x3F5 | SP: 0 | V: 00 18 08 00 00 00 00 00 00 00 00 00 00 00 00 00 
IR: SE V1, 20 | I: 0x3F5 | SP: 0 | V: 00 18 08 00 00 00 00 00 00 00 00 00 00 00 00 00 
IR: JP 22D | I: 0x3F5 | SP: 0 | V: 00 18 08 00 00 00 00 00 00 00 00 00 00 00 00 00 
IR: DRW V0, V1, 8 | I: 0x3F5 | SP: 0 | V: 00 18 08 00 00 00 00 00 00 00 00 00 00 00 00 00 
IR: ADD V1, 08 | I: 0x3F5 | SP: 0 | V: 00 20 08 00 00 00 00 00 00 00 00 00 00 00 00 00 
IR: ADD I, V2 | I: 0x3FD | SP: 0 | V: 00 20 08 00 00 00 00 00 00 00 00 00 00 00 00 00 
IR: SE V1, 20 | I: 0x3FD | SP: 0 | V: 00 20 08 00 00 00 00 00 00 00 00 00 00 00 00 00 
IR: ADD V0, 08 | I: 0x3FD | SP: 0 | V: 08 20 08 00 00 00 00 00 00 00 00 00 00 00 00 00 
IR: LD V1, 00 | I: 0x3FD | SP: 0 | V: 08 00 08 00 00 00 00 00 00 00 00 00 00 00 00 00 
IR: SE V0, 40 | I: 0x3FD | SP: 0 | V: 08 00 08 00 00 00 00 00 00 00 00 00 00 00 00 00 
IR: JP 22D | I: 0x3FD | SP: 0 | V: 08 00 08 00 00 00 00 00 00 00 00 00 00 00 00 00 
IR: DRW V0, V1, 8 | I: 0x3FD | SP: 0 | V: 08 00 08 00 00 00 00 00 00 00 00 00 00 00 00 00 
IR: ADD V1, 08 | I: 0x3FD | SP: 0 | V: 08 08 08 00 00 00 00 00 00 00 00 00 00 00 00 00 
IR: ADD I, V2 | I: 0x405 | SP: 0 | V: 08 08 08 00 00 00 00 00 00 00 00 00 00 00 00 00 
IR: SE V1, 20 | I: 0x405 | SP: 0 | V: 08 08 08 00 00 00 00 00 00 00 00 00 00 00 00 00 
IR: JP 22D | I: 0x405 | SP: 0 | V: 08 08 08 00 00 00 00 00 00 00 00 00 00 00 00 00 
IR: DRW V0, V1, 8 | I: 0x405 | SP: 0 | V: 08 08 08 00 00 00 00 00 00 00 00 00 00 00 00 00 
IR: ADD V1, 08 | I: 0x405 | SP: 0 | V: 08 10 08 00 00 00 00 00 00 00 00 00 00 00 00 00 
IR: ADD I, V2 | I: 0x40D | SP: 0 | V: 08 10 08 00 00 00 00 00 00 00 00 00 00 00 00 00 
IR: SE V1, 20 | I: 0x40D | SP: 0 | V: 08 10 08 00 00 00 00 00 00 00 00 00 00 00 00 00 
IR: JP 22D | I: 0x40D | SP: 0 | V: 08 10 08 00 00 00 00 00 00 00 00 00 00 00 00 00 
IR: DRW V0, V1, 8 | I: 0x40D | SP: 0 | V: 08 10 08 00 00 00 00 00 00 00 00 00 00 00 00 00 
IR: ADD V1, 08 | I: 0x40D | SP: 0 | V: 08 18 08 00 00 00 00 00 00 00 00 00 00 00 00 00 
IR: ADD I, V2 | I: 0x415 | SP: 0 | V: 08 18 08 00 00 00 00 00 00 00 00 00 00 00 00 00 
IR: SE V1, 20 | I: 0x415 | SP: 0 | V: 08 18 08 00 00 00 00 00 00 00 00 00 00 00 00 00 
IR: JP 22D | I: 0x415 | SP: 0 | V: 08 18 08 00 00 00 00 00 00 00 00 00 00 00 00 00 
IR: DRW V0, V1, 8 | I: 0x415 | SP: 0 | V: 08 18 08 00 00 00 00 00 00 00 00 00 00 00 00 00 
IR: ADD V1, 08 | I: 0x415 | SP: 0 | V: 08 20 08 00 00 00 00 00 00 00 00 00 00 00 00 00 
IR: ADD I, V2 | I: 0x41D | SP: 0 | V: 08 20 08 00 00 00 00 00 00 00 00 00 00 00 00 00 
IR: SE V1, 20 | I: 0x41D | SP: 0 | V: 08 20 08 00 00 00 00 00 00 00 00 00 00 00 00 00 
IR: ADD V0, 08 | I: 0x41D | SP: 0 | V: 10 20 08 00 00 00 00 00 00 00 00 00 00 00 00 00 
IR: LD V1, 00 | I: 0x41D | SP: 0 | V: 10 00 08 00 00 00 00 00 00 00 00 00 00 00 00 00 
IR: SE V0, 40 | I: 0x41D | SP: 0 | V: 10 00 08 00 00 00 00 00 00 00 00 00 00 00 00 00 
IR: JP 22D | I: 0x41D | SP: 0 | V: 10 00 08 00 00 00 00 00 00 00 00 00 00 00 00 00 
IR: DRW V0, V1, 8 | I: 0x41D | SP: 0 | V: 10 00 08 00 00 00 00 00 00 00 00 00 00 00 00 00 
IR: ADD V1, 08 | I: 0x41D | SP: 0 | V: 10 08 08 00 00 00 00 00 00 00 00 00 00 00 00 00 
IR: ADD I, V2 | I: 0x425 | SP: 0 | V: 10 08 08 00 00 00 00 00 00 00 00 00 00 00 00 00 
IR: SE V1, 20 | I: 0x425 | SP: 0 | V: 10 08 08 00 00 00 00 00 00 00 00 00 00 00 00 00 
IR: JP 22D | I: 0x425 | SP: 0 | V: 10 08 08 00 00 00 00 00 00 00 00 00 00 00 00 00 
IR: DRW V0, V1, 8 | I: 0x425 | SP: 0 | V: 10 08 08 00 00 00 00 00 00 00 00 00 00 00 00 00 
IR: ADD V1, 08 | I: 0x425 | SP: 0 | V: 10 10 08 00 00 00 00 00 00 00 00 00 00 00 00 00 
IR: ADD I, V2 | I: 0x42D | SP: 0 | V: 10 10 08 00 00 00 00 00 00 00 00 00 00 00 00 00 
IR: SE V1, 20 | I: 0x42D | SP: 0 | V: 10 10 08 00 00 00 00 00 00 00 00 00 00 00 00 00 
IR: JP 22D | I: 0x42D | SP: 0 | V: 10 10 08 00 00 00 00 00 00 00 00 00 00 00 00 00 
IR: DRW V0, V1, 8 | I: 0x42D | SP: 0 | V: 10 10 08 00 00 00 00 00 00 00 00 00 00 00 00 00 
IR: ADD V1, 08 | I: 0x42D | SP: 0 | V: 10 18 08 00 00 00 00 00 00 00 00 00 00 00 00 00 
IR: ADD I, V2 | I: 0x435 | SP: 0 | V: 10 18 08 00 00 00 00 00 00 00 00 00 00 00 00 00 
IR: SE V1, 20 | I: 0x435 | SP: 0 | V: 10 18 08 00 00 00 00 00 00 00 00 00 00 00 00 00 
IR: JP 22D | I: 0x435 | SP: 0 | V: 10 18 08 00 00 00 00 00 00 00 00 00 00 00 00 00 
IR: DRW V0, V1, 8 | I: 0x435 | SP: 0 | V: 10 18 08 00 00 00 00 00 00 00 00 00 00 00 00 00 
IR: ADD V1, 08 | I: 0x435 | SP: 0 | V: 10 20 08 00 00 00 00 00 00 00 00 00 00 00 00 00 
IR: ADD I, V2 | I: 0x43D | SP: 0 | V: 10 20 08 00 00 00 00 00 00 00 00 00 00 00 00 00 
IR: SE V1, 20 | I: 0x43D | SP: 0 | V: 10 20 08 00 00 00 00 00 00 00 00 00 00 00 00 00 
IR: ADD V0, 08 | I: 0x43D | SP: 0 | V: 18 20 08 00 00 00 00 00 00 00 00 00 00 00 00 00 
IR: LD V1, 00 | I: 0x43D | SP: 0 | V: 18 00 08 00 00 00 00 00 00 00 00 00 00 00 00 00 
IR: SE V0, 40 | I: 0x43D | SP: 0 | V: 18 00 08 00 00 00 00 00 00 00 00 00 00 00 00 00 
IR: JP 22D | I: 0x43D | SP: 0 | V: 18 00 08 00 00 00 00 00 00 00 00 00 00 00 00 00 
IR: DRW V0, V1, 8 | I: 0x43D | SP: 0 | V: 18 00 08 00 00 00 00 00 00 00 00 00 00 00 00 00 
IR: ADD V1, 08 | I: 0x43D | SP: 0 | V: 18 08 08 00 00 00 00 00 00 00 00 00 00 00 00 00 
IR: ADD I, V2 | I: 0x445 | SP: 0 | V: 18 08 08 00 00 00 00 00 00 00 00 00 00 00 00 00 
IR: SE V1, 20 | I: 0x445 | SP: 0 | V: 18 08 08 00 00 00 00 00 00 00 00 00 00 00 00 00 
IR: JP 22D | I: 0x445 | SP: 0 | V: 18 08 08 00 00 00 00 00 00 00 00 00 00 00 00 00 
IR: DRW V0, V1, 8 | I: 0x445 | SP: 0 | V: 18 08 08 00 00 00 00 00 00 00 00 00 00 00 00 00 
IR: ADD V1, 08 | I: 0x445 | SP: 0 | V: 18 10 08 00 00 00 00 00 00 00 00 00 00 00 00 00 
IR: ADD I, V2 | I: 0x44D | SP: 0 | V: 18 10 08 00 00 00 00 00 00 00 00 00 00 00 00 00 
IR: SE V1, 20 | I: 0x44D | SP: 0 | V: 18 10 08 00 00 00 00 00 00 00 00 00 00 00 00 00 
IR: JP 22D | I: 0x44D | SP: 0 | V: 18 10 08 00 00 00 00 00 00 00 00 00 00 00 00 00 
IR: DRW V0, V1, 8 | I: 0x44D | SP: 0 | V: 18 10 08 00 00 00 00 00 00 00 00 00 00 00 00 00 
IR: ADD V1, 08 | I: 0x44D | SP: 0 | V: 18 18 08 00 00 00 00 00 00 00 00 00 00 00 00 00 
IR: ADD I, V2 | I: 0x455 | SP: 0 | V: 18 18 08 00 00 00 00 00 00 00 00 00 00 00 00 00 
IR: SE V1, 20 | I: 0x455 | SP: 0 | V: 18 18 08 00 00 00 00 00 00 00 00 00 00 00 00 00 
IR: JP 22D | I: 0x455 | SP: 0 | V: 18 18 08 00 00 00 00 00 00 00 00 00 00 00 00 00 
IR: DRW V0, V1, 8 | I: 0x455 | SP: 0 | V: 18 18 08 00 00 00 00 00 00 00 00 00 00 00 00 00 
IR: ADD V1, 08 | I: 0x455 | SP: 0 | V: 18 20 08 00 00 00 00 00 00 00 00 00 00 00 00 00 
IR: ADD I, V2 | I: 0x45D | SP: 0 | V: 18 20 08 00 00 00 00 00 00 00 00 00 00 00 00 00 
IR: SE V1, 20 | I: 0x45D | SP: 0 | V: 18 20 08 00 00 00 00 00 00 00 00 00 00 00 00 00 
IR: ADD V0, 08 | I: 0x45D | SP: 0 | V: 20 20 08 00 00 00 00 00 00 00 00 00 00 00 00 00 
IR: LD V1, 00 | I: 0x45D | SP: 0 | V: 20 00 08 00 00 00 00 00 00 00 00 00 00 00 00 00 
IR: SE V0, 40 | I: 0x45D | SP: 0 | V: 20 00 08 00 00 00 00 00 00 00 00 00 00 00 00 00 
IR: JP 22D | I: 0x45D | SP: 0 | V: 20 00 08 00 00 00 00 00 00 00 00 00 00 00 00 00 
IR: DRW V0, V1, 8 | I: 0x45D | SP: 0 | V: 20 00 08 00 00 00 00 00 00 00 00 00 00 00 00 00 
IR: ADD V1, 08 | I: 0x45D | SP: 0 | V: 20 08 08 00 00 00 00 00 00 00 00 00 00 00 00 00 
IR: ADD I, V2 | I: 0x465 | SP: 0 | V: 20 08 08 00 00 00 00 00 00 00 00 00 00 00 00 00 
IR: SE V1, 20 | I: 0x465 | SP: 0 | V: 20 08 08 00 00 00 00 00 00 00 00 00 00 00 00 00 
IR: JP 22D | I: 0x465 | SP: 0 | V: 20 08 08 00 00 00 00 00 00 00 00 00 00 00 00 00 
IR: DRW V0, V1, 8 | I: 0x465 | SP: 0 | V: 20 08 08 00 00 00 00 00 00 00 00 00 00 00 00 00 
IR: ADD V1, 08 | I: 0x465 | SP: 0 | V: 20 10 08 00 00 00 00 00 00 00 00 00 00 00 00 00 
IR: ADD I, V2 | I: 0x46D | SP: 0 | V: 20 10 08 00 00 00 00 00 00 00 00 00 00 00 00 00 
IR: SE V1, 20 | I: 0x46D | SP: 0 | V: 20 10 08 00 00 00 00 00 00 00 00 00 00 00 00 00 
IR: JP 22D | I: 0x46D | SP: 0 | V: 20 10 08 00 00 00 00 00 00 00 00 00 00 00 00 00 
IR: DRW V0, V1, 8 | I: 0x46D | SP: 0 | V: 20 10 08 00 00 00 00 00 00 00 00 00 00 00 00 00 
IR: ADD V1, 08 | I: 0x46D | SP: 0 | V: 20 18 08 00 00 00 00 00 00 00 00 00 00 00 00 00 
IR: ADD I, V2 | I: 0x475 | SP: 0 | V: 20 18 08 00 00 00 00 00 00 00 00 00 00 00 00 00 
IR: SE V1, 20 | I: 0x475 | SP: 0 | V: 20 18 08 00 00 00 00 00 00 00 00 00 00 00 00 00 
IR: JP 22D | I: 0x475 | SP: 0 | V: 20 18 08 00 00 00 00 00 00 00 00 00 00 00 00 00 
IR: DRW V0, V1, 8 | I: 0x475 | SP: 0 | V: 20 18 08 00 00 00 00 00 00 00 00 00 00 00 00 00 
IR: ADD V1, 08 | I: 0x475 | SP: 0 | V: 20 20 08 00 00 00 00 00 00 00 00 00 00 00 00 00 
IR: ADD I, V2 | I: 0x47D | SP: 0 | V: 20 20 08 00 00 00 00 00 00 00 00 00 00 00 00 00 
IR: SE V1, 20 | I: 0x47D | SP: 0 | V: 20 20 08 00 00 00 00 00 00 00 00 00 00 00 00 00 
IR: ADD V0, 08 | I: 0x47D | SP: 0 | V: 28 20 08 00 00 00 00 00 00 00 00 00 00 00 00 00 
IR: LD V1, 00 | I: 0x47D | SP: 0 | V: 28 00 08 00 00 00 00 00 00 00 00 00 00 00 00 00 
IR: SE V0, 40 | I: 0x47D | SP: 0 | V: 28 00 08 00 00 00 00 00 00 00 00 00 00 00 00 00 
IR: JP 22D | I: 0x47D | SP: 0 | V: 28 00 08 00 00 00 00 00 00 00 00 00 00 00 00 00 
IR: DRW V0, V1, 8 | I: 0x47D | SP: 0 | V: 28 00 08 00 00 00 00 00 00 00 00 00 00 00 00 00 
IR: ADD V1, 08 | I: 0x47D | SP: 0 | V: 28 08 08 00 00 00 00 00 00 00 00 00 00 00 00 00 
IR: ADD I, V2 | I: 0x485 | SP: 0 | V: 28 08 08 00 00 00 00 00 00 00 00 00 00 00 00 00 
IR: SE V1, 20 | I: 0x485 | SP: 0 | V: 28 08 08 00 00 00 00 00 00 00 00 00 00 00 00 00 
IR: JP 22D | I: 0x485 | SP: 0 | V: 28 08 08 00 00 00 00 00 00 00 00 00 00 00 00 00 
IR: DRW V0, V1, 8 | I: 0x485 | SP: 0 | V: 28 08 08 00 00 00 00 00 00 00 00 00 00 00 00 00 
IR: ADD V1, 08 | I: 0x485 | SP: 0 | V: 28 10 08 00 00 00 00 00 00 00 00 00 00 00 00 00 
IR: ADD I, V2 | I: 0x48D | SP: 0 | V: 28 10 08 00 00 00 00 00 00 00 00 00 00 00 00 00 
IR: SE V1, 20 | I: 0x48D | SP: 0 | V: 28 10 08 00 00 00 00 00 00 00 00 00 00 00 00 00 
IR: JP 22D | I: 0x48D | SP: 0 | V: 28 10 08 00 00 00 00 00 00 00 00 00 00 00 00 00 
IR: DRW V0, V1, 8 | I: 0x48D | SP: 0 | V: 28 10 08 00 00 00 00 00 00 00 00 00 00 00 00 00 
IR: ADD V1, 08 | I: 0x48D | SP: 0 | V: 28 18 08 00 00 00 00 00 00 00 00 00 00 00 00 00 
IR: ADD I, V2 | I: 0x495 | SP: 0 | V: 28 18 08 00 00 00 00 00 00 00 00 00 00 00 00 00 
IR: SE V1, 20 | I: 0x495 | SP: 0 | V: 28 18 08 00 00 00 00 00 00 00 00 00 00 00 00 00 
IR: JP 22D | I: 0x495 | SP: 0 | V: 28 18 08 00 00 00 00 00 00 00 00 00 00 00 00 00 
IR: DRW V0, V1, 8 | I: 0x495 | SP: 0 | V: 28 18 08 00 00 00 00 00 00 00 00 00 00 00 00 00 
IR: ADD V1, 08 | I: 0x495 | SP: 0 | V: 28 20 08 00 00 00 00 00 00 00 00 00 00 00 00 00 
IR: ADD I, V2 | I: 0x49D | SP: 0 | V: 28 20 08 00 00 00 00 00 00 00 00 00 00 00 00 00 
IR: SE V1, 20 | I: 0x49D | SP: 0 | V: 28 20 08 00 00 00 00 00 00 00 00 00 00 00 00 00 
IR: ADD V0, 08 | I: 0x49D | SP: 0 | V: 30 20 08 00 00 00 00 00 00 00 00 00 00 00 00 00 
IR: LD V1, 00 | I: 0x49D | SP: 0 | V: 30 00 08 00 00 00 00 00 00 00 00 00 00 00 00 00 
IR: SE V0, 40 | I: 0x49D | SP: 0 | V: 30 00 08 00 00 00 00 00 00 00 00 00 00 00 00 00 
IR: JP 22D | I: 0x49D | SP: 0 | V: 30 00 08 00 00 00 00 00 00 00 00 00 00 00 00 00 
IR: DRW V0, V1, 8 | I: 0x49D | SP: 0 | V: 30 00 08 00 00 00 00 00 00 00 00 00 00 00 00 00 
IR: ADD V1, 08 | I: 0x49D | SP: 0 | V: 30 08 08 00 00 00 00 00 00 00 00 00 00 00 00 00 
IR: ADD I, V2 | I: 0x4A5 | SP: 0 | V: 30 08 08 00 00 00 00 00 00 00 00 00 00 00 00 00 
IR: SE V1, 20 | I: 0x4A5 | SP: 0 | V: 30 08 08 00 00 00 00 00 00 00 00 00 00 00 00 00 
IR: JP 22D | I: 0x4A5 | SP: 0 | V: 30 08 08 00 00 00 00 00 00 00 00 00 00 00 00 00 
IR: DRW V0, V1, 8 | I: 0x4A5 | SP: 0 | V: 30 08 08 00 00 00 00 00 00 00 00 00 00 00 00 00 
IR: ADD V1, 08 | I: 0x4A5 | SP: 0 | V: 30 10 08 00 00 00 00 00 00 00 00 00 00 00 00 00 
IR: ADD I, V2 | I: 0x4AD | SP: 0 | V: 30 10 08 00 00 00 00 00 00 00 00 00 00 00 00 00 
IR: SE V1, 20 | I: 0x4AD | SP: 0 | V: 30 10 08 00 00 00 00 00 00 00 00 00 00 00 00 00 
IR: JP 22D | I: 0x4AD | SP: 0 | V: 30 10 08 00 00 00 00 00 00 00 00 00 00 00 00 00 
IR: DRW V0, V1, 8 | I: 0x4AD | SP: 0 | V: 30 10 08 00 00 00 00 00 00 00 00 00 00 00 00 00 
IR: ADD V1, 08 | I: 0x4AD | SP: 0 | V: 30 18 08 00 00 00 00 00 00 00 00 00 00 00 00 00 
IR: ADD I, V2 | I: 0x4B5 | SP: 0 | V: 30 18 08 00 00 00 00 00 00 00 00 00 00 00 00 00 
IR: SE V1, 20 | I: 0x4B5 | SP: 0 | V: 30 18 08 00 00 00 00 00 00 00 00 00 00 00 00 00 
IR: JP 22D | I: 0x4B5 | SP: 0 | V: 30 18 08 00 00 00 00 00 00 00 00 00 00 00 00 00 
IR: DRW V0, V1, 8 | I: 0x4B5 | SP: 0 | V: 30 18 08 00 00 00 00 00 00 00 00 00 00 00 00 00 
IR: ADD V1, 08 | I: 0x4B5 | SP: 0 | V: 30 20 08 00 00 00 00 00 00 00 00 00 00 00 00 00 
IR: ADD I, V2 | I: 0x4BD | SP: 0 | V: 30 20 08 00 00 00 00 00 00 00 00 00 00 00 00 00 
IR: SE V1, 20 | I: 0x4BD | SP: 0 | V: 30 20 08 00 00 00 00 00 00 00 00 00 00 00 00 00 
IR: ADD V0, 08 | I: 0x4BD | SP: 0 | V: 38 20 08 00 00 00 00 00 00 00 00 00 00 00 00 00 
IR: LD V1, 00 | I: 0x4BD | SP: 0 | V: 38 00 08 00 00 00 00 00 00 00 00 00 00 00 00 00 
IR: SE V0, 40 | I: 0x4BD | SP: 0 | V: 38 00 08 00 00 00 00 00 00 00 00 00 00 00 00 00 
IR: JP 22D | I: 0x4BD | SP: 0 | V: 38 00 08 00 00 00 00 00 00 00 00 00 00 00 00 00 
IR: DRW V0, V1, 8 | I: 0x4BD | SP: 0 | V: 38 00 08 00 00 00 00 00 00 00 00 00 00 00 00 00 
IR: ADD V1, 08 | I: 0x4BD | SP: 0 | V: 38 08 08 00 00 00 00 00 00 00 00 00 00 00 00 00 
IR: ADD I, V2 | I: 0x4C5 | SP: 0 | V: 38 08 08 00 00 00 00 00 00 00 00 00 00 00 00 00 
IR: SE V1, 20 | I: 0x4C5 | SP: 0 | V: 38 08 08 00 00 00 00 00 00 00 00 00 00 00 00 00 
IR: JP 22D | I: 0x4C5 | SP: 0 | V: 38 08 08 00 00 00 00 00 00 00 00 00 00 00 00 00 
IR: DRW V0, V1, 8 | I: 0x4C5 | SP: 0 | V: 38 08 08 00 00 00 00 00 00 00 00 00 00 00 00 00 
IR: ADD V1, 08 | I: 0x4C5 | SP: 0 | V: 38 10 08 00 00 00 00 00 00 00 00 00 00 00 00 00 
IR: ADD I, V2 | I: 0x4CD | SP: 0 | V: 38 10 08 00 00 00 00 00 00 00 00 00 00 00 00 00 
IR: SE V1, 20 | I: 0x4CD | SP: 0 | V: 38 10 08 00 00 00 00 00 00 00 00 00 00 00 00 00 
IR: JP 22D | I: 0x4CD | SP: 0 | V: 38 10 08 00 00 00 00 00 00 00 00 00 00 00 00 00 
IR: DRW V0, V1, 8 | I: 0x4CD | SP: 0 | V: 38 10 08 00 00 00 00 00 00 00 00 00 00 00 00 00 
IR: ADD V1, 08 | I: 0x4CD | SP: 0 | V: 38 18 08 00 00 00 00 00 00 00 00 00 00 00 00 00 
IR: ADD I, V2 | I: 0x4D5 | SP: 0 | V: 38 18 08 00 00 00 00 00 00 00 00 00 00 00 00 00 
IR: SE V1, 20 | I: 0x4D5 | SP: 0 | V: 38 18 08 00 00 00 00 00 00 00 00 00 00 00 00 00 
IR: JP 22D | I: 0x4D5 | SP: 0 | V: 38 18 08 00 00 00 00 00 00 00 00 00 00 00 00 00 
IR: DRW V0, V1, 8 | I: 0x4D5 | SP: 0 | V: 38 18 08 00 00 00 00 00 00 00 00 00 00 00 00 00 
IR: ADD V1, 08 | I: 0x4D5 | SP: 0 | V: 38 20 08 00 00 00 00 00 00 00 00 00 00 00 00 00 
IR: ADD I, V2 | I: 0x4DD | SP: 0 | V: 38 20 08 00 00 00 00 00 00 00 00 00 00 00 00 00 
IR: SE V1, 20 | I: 0x4DD | SP: 0 | V: 38 20 08 00 00 00 00 00 00 00 00 00 00 00 00 00 
IR: ADD V0, 08 | I: 0x4DD | SP: 0 | V: 40 20 08 00 00 00 00 00 00 00 00 00 00 00 00 00 
IR: LD V1, 00 | I: 0x4DD | SP: 0 | V: 40 00 08 00 00 00 00 00 00 00 00 00 00 00 00 00 
IR: SE V0, 40 | I: 0x4DD | SP: 0 | V: 40 00 08 00 00 00 00 00 00 00 00 00 00 00 00 00 
IR: LD V9, 05 | I: 0x4DD | SP: 0 | V: 40 00 08 00 00 00 00 00 00 05 00 00 00 00 00 00 
IR: LD VC, 15 | I: 0x4DD | SP: 0 | V: 40 00 08 00 00 00 00 00 00 05 00 00 15 00 00 00 
IR: LD VE, 00 | I: 0x4DD | SP: 0 | V: 40 00 08 00 00 00 00 00 00 05 00 00 15 00 00 00 
IR: CALL 391 | I: 0x4DD | SP: 1 | V: 40 00 08 00 00 00 00 00 00 05 00 00 15 00 00 00 
IR: LD VA, 00 | I: 0x4DD | SP: 1 | V: 40 00 08 00 00 00 00 00 00 05 00 00 15 00 00 00 
IR: LD VD, VE | I: 0x4DD | SP: 1 | V: 40 00 08 00 00 00 00 00 00 05 00 00 15 00 00 00 
IR: LD VB, 04 | I: 0x4DD | SP: 1 | V: 40 00 08 00 00 00 00 00 00 05 00 04 15 00 00 00 
ROM loaded successfully. size of ROM is 1301 bytes.
ROM loaded successfully. size of ROM is 1301 bytes.
ROM loaded successfully. size of ROM is 1301 bytes.
---LOG START---
IR: LD VA, 00 | I: 0x4DD | SP: 1 | V: 40 00 08 00 00 00 00 00 00 05 00 00 15 00 00 00 
IR: LD VD, VE | I: 0x4DD | SP: 1 | V: 40 00 08 00 00 00 00 00 00 05 00 00 15 00 00 00 
IR: LD VB, 04 | I: 0x4DD | SP: 1 | V: 40 00 08 00 00 00 00 00 00 05 00 04 15 00 00 00 
ROM loaded successfully. size of ROM is 1301 bytes.
---LOG START---
IR: LD VD, VE | I: 0x4DD | SP: 1 | V: 40 00 08 00 00 00 00 00 00 05 00 00 15 00 00 00 
IR: LD VB, 04 | I: 0x4DD | SP: 1 | V: 40 00 08 00 00 00 00 00 00 05 00 04 15 00 00 00 
---LOG END---
Emulator Terminated Safely.
ROM loaded successfully. size of ROM is 1301 bytes.
---LOG START---
IR: LD VD, VE | I: 0x4DD | SP: 1 | V: 40 00 08 00 00 00 00 00 00 05 00 00 15 00 00 00 
IR: LD VB, 04 | I: 0x4DD | SP: 1 | V: 40 00 08 00 00 00 00 00 00 05 00 04 15 00 00 00 
ROM loaded successfully. size of ROM is 1301 bytes.
ROM loaded successfully. size of ROM is 1301 bytes.
Emulator Terminated Safely.
ROM loaded successfully. size of ROM is 1301 bytes.
ROM loaded successfully. size of ROM is 132 bytes.
ROM loaded successfully. size of ROM is 1301 bytes.
ROM loaded successfully. size of ROM is 132 bytes.
ROM loaded successfully. size of ROM is 132 bytes.
ROM loaded successfully. size of ROM is 1301 bytes.
Emulator Terminated Safely.
ROM loaded successfully. size of ROM is 1301 bytes.
ROM loaded successfully. size of ROM is 1301 bytes.
ROM loaded successfully. size of ROM is 1301 bytes.
ROM loaded successfully. size of ROM is 1301 bytes.
ROM loaded successfully. size of ROM is 132 bytes.
ROM loaded successfully. size of ROM is 132 bytes.
ROM loaded successfully. size of ROM is 34 bytes.
ROM loaded successfully. size of ROM is 34 bytes.
ROM loaded successfully. size of ROM is 1301 bytes.
ROM loaded successfully. size of ROM is 1301 bytes.
ROM loaded successfully. size of ROM is 1301 bytes.
ROM loaded successfully. size of ROM is 1301 bytes.
ROM loaded successfully. size of ROM is 1301 bytes.
ROM loaded successfully. size of ROM is 1301 bytes.
ROM loaded successfully. size of ROM is 1301 bytes.
ROM loaded successfully. size of ROM is 1301 bytes.
ROM loaded successfully. size of ROM is 1301 bytes.
ROM loaded successfully. size of ROM is 1301 bytes.
ROM loaded successfully. size of ROM is 1301 bytes.
ROM loaded successfully. size of ROM is 1301 bytes.
ROM loaded successfully. size of ROM is 1301 bytes.
ROM loaded successfully. size of ROM is 1301 bytes.
ROM loaded successfully. size of ROM is 1301 bytes.
ROM loaded successfully. size of ROM is 1301 bytes.
ROM loaded successfully. size of ROM is 1301 bytes.
ROM loaded successfully. size of ROM is 1301 bytes.
ROM loaded successfully. size of ROM is 194 bytes.
ROM loaded successfully. size of ROM is 194 bytes.
ROM loaded successfully. size of ROM is 194 bytes.
ROM loaded successfully. size of ROM is 494 bytes.
ROM loaded successfully. size of ROM is 232 bytes.
ROM loaded successfully. size of ROM is 232 bytes.
ROM loaded successfully. size of ROM is 232 bytes.
ROM loaded successfully. size of ROM is 560 bytes.
ROM loaded successfully. size of ROM is 280 bytes.
ROM loaded successfully. size of ROM is 280 bytes.
ROM loaded successfully. size of ROM is 264 bytes.
ROM loaded successfully. size of ROM is 384 bytes.
ROM loaded successfully. size of ROM is 1792 bytes.
ROM loaded successfully. size of ROM is 1792 bytes.
ROM loaded successfully. size of ROM is 1792 bytes.
ROM loaded successfully. size of ROM is 1792 bytes.
ROM loaded successfully. size of ROM is 1792 bytes.
